
> flight-group-api@1.0.0 dev
> nodemon --watch src --exec node server.js

[33m[nodemon] 2.0.22[39m
[33m[nodemon] to restart at any time, enter `rs`[39m
[33m[nodemon] watching path(s): src/**/*[39m
[33m[nodemon] watching extensions: js,mjs,json[39m
[32m[nodemon] starting `node server.js`[39m
Server running on http://localhost:3000 (env: development)

📋 Registered Routes:
================================================================================

🔐 Auth:
  POST         /auth/login
  POST         /auth/logout
  POST         /auth/refresh

🏢 Agencies:
  POST         /agencies/
  GET          /agencies/:id

👥 Users:
  POST         /users/
  PATCH        /users/:id

✈️  Groups:
  GET          /groups/
  POST         /groups/
  GET          /groups/:id
  PATCH        /groups/:id
  POST         /groups/:id/allocations

🎫 Bookings:
  POST         /bookings/
  GET          /bookings/
  GET          /bookings/:id
  POST         /bookings/:id/approve
  POST         /bookings/:id/cancel
  POST         /bookings/:id/issue
  POST         /bookings/:id/mark-paid
  POST         /bookings/:id/payment-proof
  POST         /bookings/:id/reject

👤 Passengers:
  PATCH        /passengers/:id
  POST         /passengers/bookings/:id

⚙️  Settings:
  GET          /settings/agency
  PATCH        /settings/agency

📊 Reports:
  GET          /reports/bookings
  GET          /reports/groups
  GET          /reports/sales

❤️  Health:
  GET          /health

================================================================================
🚀 Total routes registered: 29
[0mGET /health [32m200[0m 8.877 ms - 11[0m
[32m[nodemon] restarting child process[39m
[32m[nodemon] starting `node server.js`[39m
